* 2026-07-30T18:37:17.757364804+00:00
* 2026-07-30T18:37:17.784313633+00:00
* 2026-07-30T18:37:17.818428366+00:00
* 2026-07-30T18:37:17.829968502+00:00
* 2026-07-30T18:37:17.860006256+00:00
* 2026-07-30T18:37:17.885623771+00:00
* 2026-07-30T18:37:17.990769364+00:00
* 2026-07-30T18:37:18.025122386+00:00
* 2026-07-30T18:37:18.035104886+00:00
* 2026-07-30T18:37:18.073337828+00:00
* 2026-07-30T18:37:18.095997051+00:00
* 2026-07-30T18:37:18.104697727+00:00
* 2026-07-30T18:37:18.129631645+00:00
* 2026-07-30T18:37:18.152911253+00:00
* 2026-07-30T18:37:18.167401625+00:00
* 2026-07-30T18:37:18.195820795+00:00
* 2026-07-30T18:37:18.207923551+00:00
* 2026-07-30T18:37:18.217109863+00:00
* 2026-07-30T18:37:18.271941599+00:00
* 2026-07-30T18:37:18.313203430+00:00
* 2026-07-30T18:37:18.355887194+00:00
* 2026-07-30T18:37:18.363758425+00:00
* 2026-07-30T18:37:18.370409209+00:00
* 2026-07-30T18:37:18.421723897+00:00
* 2026-07-30T18:37:18.497019897+00:00
* 2026-07-30T18:37:18.555420204+00:00
* 2026-07-30T18:37:18.570894573+00:00
* 2026-07-30T18:37:18.586491401+00:00
* 2026-07-30T18:37:18.790739749+00:00
* 2026-07-30T18:37:18.853344968+00:00
* 2026-07-30T18:37:18.868627981+00:00
* 2026-07-30T18:37:18.913061372+00:00
* 2026-07-30T18:37:19.033081730+00:00
* 2026-07-30T18:37:19.484352191+00:00
* 2026-07-30T18:37:19.501514680+00:00
* 2026-07-30T18:37:19.567689965+00:00
* 2026-07-30T18:37:19.588246509+00:00
* 2026-07-30T18:37:19.610052682+00:00
* 2026-07-30T18:37:19.626774487+00:00
* 2026-07-30T18:37:19.679755081+00:00
* 2026-07-30T18:37:19.697739375+00:00
* 2026-07-30T18:37:19.715933744+00:00
* 2026-07-30T18:37:19.724473984+00:00
* 2026-07-30T18:37:19.751425335+00:00
* 2026-07-30T18:37:19.760247549+00:00
* 2026-07-30T18:37:19.771927821+00:00
* 2026-07-30T18:37:19.816741931+00:00
* 2026-07-30T18:37:19.826959802+00:00
* 2026-07-30T18:37:19.836010414+00:00
* 2026-07-30T18:37:19.846286999+00:00
* 2026-07-30T18:37:19.873195532+00:00
* 2026-07-30T18:37:19.899472775+00:00
* 2026-07-30T18:37:19.909486195+00:00
* 2026-07-30T18:37:19.943462153+00:00
* 2026-07-30T18:37:19.987780067+00:00
* 2026-07-30T18:37:20.059442428+00:00
* 2026-07-30T18:37:20.096367262+00:00
* 2026-07-30T18:37:20.185243979+00:00
* 2026-07-30T18:37:20.199933602+00:00
* 2026-07-30T18:37:20.300458980+00:00
* 2026-07-30T18:37:20.312932118+00:00
* 2026-07-30T18:37:20.404342523+00:00
* 2026-07-30T18:37:20.442835140+00:00
* 2026-07-30T18:37:20.576759631+00:00
* 2026-07-30T18:37:20.636401921+00:00
* 2026-07-30T18:37:20.708818927+00:00
* 2026-07-30T18:37:20.897264998+00:00
* 2026-07-30T18:37:20.951039839+00:00
* 2026-07-30T18:37:21.024768093+00:00
* 2026-07-30T18:37:21.069631828+00:00
* 2026-07-30T18:37:21.115272873+00:00
* 2026-07-30T18:37:21.128554993+00:00
* 2026-07-30T18:37:21.142006790+00:00
* 2026-07-30T18:37:21.209919788+00:00
* 2026-07-30T18:37:21.223414309+00:00
* 2026-07-30T18:37:21.236666455+00:00
* 2026-07-30T18:37:21.305083074+00:00
* 2026-07-30T18:37:21.320413602+00:00
* 2026-07-30T18:37:21.335766469+00:00
* 2026-07-30T18:37:21.416148657+00:00
* 2026-07-30T18:37:21.481115912+00:00
* 2026-07-30T18:37:21.490064046+00:00
* 2026-07-30T18:37:21.538954129+00:00
* 2026-07-30T18:37:21.570337083+00:00
* 2026-07-30T18:37:21.606890279+00:00
* 2026-07-30T18:37:21.663463106+00:00
* 2026-07-30T18:37:21.700895516+00:00
* 2026-07-30T18:37:21.715422248+00:00
* 2026-07-30T18:37:21.759549261+00:00
* 2026-07-30T18:37:21.782561070+00:00
* 2026-07-30T18:37:21.796789403+00:00
* 2026-07-30T18:37:21.915924204+00:00
* 2026-07-30T18:37:21.932287865+00:00
* 2026-07-30T18:37:22.058141200+00:00
* 2026-07-30T18:37:22.074263318+00:00
* 2026-07-30T18:37:22.085857119+00:00
* 2026-07-30T18:37:22.157464765+00:00
* 2026-07-30T18:37:22.184096800+00:00
* 2026-07-30T18:37:22.192239404+00:00
* 2026-07-30T18:37:22.313859318+00:00
* 2026-07-30T18:37:22.372708271+00:00
* 2026-07-30T18:37:22.572143115+00:00
* 2026-07-30T18:37:22.588008931+00:00
* 2026-07-30T18:37:40.886607809+00:00
* 2026-07-30T18:37:59.139481760+00:00
* 2026-07-30T18:37:59.331964914+00:00
* 2026-07-30T18:37:59.339267656+00:00
* 2026-07-30T18:37:59.346631874+00:00
* 2026-07-30T18:37:59.381918289+00:00
* 2026-07-30T18:37:59.389532643+00:00
* 2026-07-30T18:37:59.397219538+00:00
* 2026-07-30T18:37:59.434440867+00:00
* 2026-07-30T18:37:59.441567137+00:00
* 2026-07-30T18:37:59.477278447+00:00
* 2026-07-30T18:37:59.499891699+00:00
* 2026-07-30T18:37:59.527789757+00:00
* 2026-07-30T18:37:59.567103785+00:00
* 2026-07-30T18:37:59.608689401+00:00
* 2026-07-30T18:37:59.615920292+00:00
* 2026-07-30T18:38:00.175146151+00:00
* 2026-07-30T18:38:00.190951513+00:00
* 2026-07-30T18:38:00.237634246+00:00
* 2026-07-30T18:38:00.687679712+00:00
* 2026-07-30T18:38:00.722198808+00:00
* 2026-07-30T18:38:00.831798946+00:00
* 2026-07-30T18:38:00.842021887+00:00
* 2026-07-30T18:38:01.301133654+00:00
* 2026-07-30T18:38:01.441555140+00:00
* 2026-07-30T18:38:01.475244574+00:00
* 2026-07-30T18:38:01.508480056+00:00
+ 2026-07-31T14:57:36.435134500+00:00 Hostname: LS-0170-PJ1
+ 2026-07-31T14:57:36.446397282+00:00 Hostname: LS-0170-TP1
+ 2026-07-31T14:57:36.499291099+00:00 Hostname: LS-0178-PROC1
+ 2026-07-31T14:57:36.522471940+00:00 Hostname: LS-0178-PJ1
+ 2026-07-31T14:57:36.549434137+00:00 Hostname: LS-0178-PJ2
+ 2026-07-31T14:57:36.558074577+00:00 Hostname: LS-0178-TP1
+ 2026-07-31T14:57:36.665100921+00:00 Hostname: LS-0182-PROC1
+ 2026-07-31T14:57:36.685336950+00:00 Hostname: LS-0182-TP1
+ 2026-07-31T14:57:36.723812261+00:00 Hostname: LS-0186-PROC1
+ 2026-07-31T14:57:36.744766361+00:00 Hostname: LS-0186-TP1
+ 2026-07-31T14:57:36.785673857+00:00 Hostname: LS-0191-PROC1
+ 2026-07-31T14:57:36.915434784+00:00 Hostname: LS-0191-PJ1
+ 2026-07-31T14:57:37.017558688+00:00 Hostname: LS-0191-PJ2
+ 2026-07-31T14:57:37.034869036+00:00 Hostname: LS-0191-TP1
+ 2026-07-31T14:57:37.156101294+00:00 Hostname: AG-0041-PROC1
+ 2026-07-31T14:57:37.172142964+00:00 Hostname: AG-0041-PJ1
+ 2026-07-31T14:57:37.243393683+00:00 Hostname: AG-0133-PROC1
+ 2026-07-31T14:57:37.277028377+00:00 Hostname: AG-0133-TP1
+ 2026-07-31T14:57:37.393020515+00:00 Hostname: AG-0223-PROC1
+ 2026-07-31T14:57:37.442545417+00:00 Hostname: AG-0223-TP1
+ 2026-07-31T14:57:37.506295160+00:00 Hostname: AG-0229-PROC1
+ 2026-07-31T14:57:37.718517012+00:00 Hostname: AG-0240-PROC1
+ 2026-07-31T14:57:37.762700618+00:00 Hostname: AG-0240-TP1
+ 2026-07-31T14:57:37.838719454+00:00 Hostname: AG-0328-PROC1
+ 2026-07-31T14:57:37.883018013+00:00 Hostname: AG-0328-TP1
+ 2026-07-31T14:57:37.928382935+00:00 Hostname: AG-1030-PROC1
+ 2026-07-31T14:57:37.942465136+00:00 Hostname: AG-1030-PJ1
+ 2026-07-31T14:57:37.956352510+00:00 Hostname: AG-1030-PJ2
+ 2026-07-31T14:57:38.026278942+00:00 Hostname: AG-1032-PROC1
+ 2026-07-31T14:57:38.040063678+00:00 Hostname: AG-1032-PJ1
+ 2026-07-31T14:57:38.054412126+00:00 Hostname: AG-1032-PJ2
+ 2026-07-31T14:57:38.126173768+00:00 Hostname: AG-2018-PROC1
+ 2026-07-31T14:57:38.142142248+00:00 Hostname: AG-2018-PJ1
+ 2026-07-31T14:57:38.161968016+00:00 Hostname: AG-2018-PJ2
+ 2026-07-31T14:57:38.213427561+00:00 Hostname: AG-2024-PJ1
+ 2026-07-31T14:57:38.276258300+00:00 Hostname: AG-3023-PROC1
+ 2026-07-31T14:57:38.285476080+00:00 Hostname: AG-3026-PROC1
+ 2026-07-31T14:57:38.335010136+00:00 Hostname: AG-3027-PROC1
+ 2026-07-31T14:57:38.353840658+00:00 Hostname: AG-3027-PJ1
+ 2026-07-31T14:57:38.379116252+00:00 Hostname: AG-3027-TP1
+ 2026-07-31T14:57:38.401901268+00:00 Hostname: AG-3028-PROC1
+ 2026-07-31T14:57:38.511309295+00:00 Hostname: AG-3028-PJ1
+ 2026-07-31T14:57:38.520039788+00:00 Hostname: AG-3028-TP1
+ 2026-07-31T14:57:38.551188160+00:00 Hostname: AG-3030-PROC1
+ 2026-07-31T14:57:38.563272989+00:00 Hostname: AG-3030-PJ1
+ 2026-07-31T14:57:38.572164418+00:00 Hostname: AG-3030-TP1
+ 2026-07-31T14:57:38.638910849+00:00 Hostname: AG-4021-PJ1
+ 2026-07-31T14:57:38.649945072+00:00 Hostname: AG-4021-PJ2
+ 2026-07-31T14:57:38.717132745+00:00 Hostname: AG-4040-PROC1
+ 2026-07-31T14:57:38.744627911+00:00 Hostname: AG-4040-PJ1
+ 2026-07-31T14:57:38.757757410+00:00 Hostname: AG-4040-TP1
+ 2026-07-31T14:57:38.805550201+00:00 Hostname: AG-4041-PROC1
+ 2026-07-31T14:57:38.841416939+00:00 Hostname: AG-4041-PJ1
+ 2026-07-31T14:57:38.859186472+00:00 Hostname: AG-4041-TP1
